{"sessionId":"e7e89f","runId":"post-fix","hypothesisId":"A_D","location":"api/reports/route.ts:beforeInsert","message":"supabase client for insert","data":{"hasUrl":true,"hasAnonKey":true,"hasServiceRoleKey":false,"insertRole":"anon"},"timestamp":1778288727211}
{"sessionId":"e7e89f","runId":"post-fix","hypothesisId":"C","location":"api/reports/route.ts:legacyFallback","message":"modern insert failed schema cache; retrying legacy reports shape","data":{"code":"PGRST204","message":"Could not find the 'moderation_state' column of 'reports' in the schema cache","insertRole":"anon"},"timestamp":1778288727458}
{"sessionId":"e7e89f","runId":"post-fix","hypothesisId":"D","location":"api/reports/route.ts:legacyFallbackFailed","message":"Missing NEXT_PUBLIC_SUPABASE_URL or SUPABASE_SERVICE_ROLE_KEY. Add the service role key to .env.local for server-side inserts/updates.","data":{},"timestamp":1778288727459}
{"sessionId":"e7e89f","runId":"post-fix","hypothesisId":"C_D","location":"api/reports/route.ts:insertError","message":"supabase reports insert failed","data":{"code":"LEGACY_UNAVAILABLE","message":"Missing NEXT_PUBLIC_SUPABASE_URL or SUPABASE_SERVICE_ROLE_KEY. Add the service role key to .env.local for server-side inserts/updates.","details":null,"hint":null,"insertRole":"anon"},"timestamp":1778288727462}
{"sessionId":"e7e89f","runId":"post-fix","hypothesisId":"A_D","location":"api/reports/route.ts:beforeInsert","message":"supabase client for insert","data":{"hasUrl":true,"hasAnonKey":true,"hasServiceRoleKey":true,"insertRole":"service_role"},"timestamp":1778289131925}
{"sessionId":"e7e89f","runId":"post-fix","hypothesisId":"C","location":"api/reports/route.ts:legacyFallback","message":"modern insert failed schema cache; retrying legacy reports shape","data":{"code":"PGRST204","message":"Could not find the 'moderation_state' column of 'reports' in the schema cache","insertRole":"service_role"},"timestamp":1778289132270}
{"sessionId":"e7e89f","runId":"post-fix","hypothesisId":"C","location":"api/reports/route.ts:insertOk","message":"report saved","data":{"reportId":"00f9bc44-267a-4f52-b897-aa7f9e993cda","hasRawText":false},"timestamp":1778289132968}
{"sessionId":"e7e89f","runId":"post-fix","hypothesisId":"A_D","location":"api/reports/route.ts:beforeInsert","message":"supabase client for insert","data":{"hasUrl":true,"hasAnonKey":true,"hasServiceRoleKey":true,"insertRole":"service_role"},"timestamp":1778289422130}
{"sessionId":"e7e89f","runId":"post-fix","hypothesisId":"C","location":"api/reports/route.ts:legacyFallback","message":"modern insert failed schema cache; retrying legacy reports shape","data":{"code":"PGRST204","message":"Could not find the 'moderation_state' column of 'reports' in the schema cache","insertRole":"service_role"},"timestamp":1778289422770}
{"sessionId":"e7e89f","runId":"post-fix","hypothesisId":"C","location":"api/reports/route.ts:insertOk","message":"report saved","data":{"reportId":"bc2ed1a7-ac8c-4fec-8303-4a3429d70d01","hasRawText":false},"timestamp":1778289423560}
{"sessionId":"e7e89f","runId":"post-fix","hypothesisId":"A_D","location":"api/reports/route.ts:beforeInsert","message":"supabase client for insert","data":{"hasUrl":true,"hasAnonKey":true,"hasServiceRoleKey":true,"insertRole":"service_role"},"timestamp":1778289605884}
{"sessionId":"e7e89f","runId":"post-fix","hypothesisId":"C","location":"api/reports/route.ts:legacyFallback","message":"modern insert failed schema cache; retrying legacy reports shape","data":{"code":"PGRST204","message":"Could not find the 'moderation_state' column of 'reports' in the schema cache","insertRole":"service_role"},"timestamp":1778289606550}
{"sessionId":"e7e89f","runId":"post-fix","hypothesisId":"C","location":"api/reports/route.ts:insertOk","message":"report saved","data":{"reportId":"8fcc690d-aa8b-4140-9d8e-fe10f94a81f5","hasRawText":false},"timestamp":1778289607201}
{"sessionId":"e7e89f","runId":"post-fix","hypothesisId":"A_D","location":"api/reports/route.ts:beforeInsert","message":"supabase client for insert","data":{"hasUrl":true,"hasAnonKey":true,"hasServiceRoleKey":true,"insertRole":"service_role"},"timestamp":1778289709847}
{"sessionId":"e7e89f","runId":"post-fix","hypothesisId":"C","location":"api/reports/route.ts:legacyFallback","message":"modern insert failed schema cache; retrying legacy reports shape","data":{"code":"PGRST204","message":"Could not find the 'moderation_state' column of 'reports' in the schema cache","insertRole":"service_role"},"timestamp":1778289710865}
{"sessionId":"e7e89f","runId":"post-fix","hypothesisId":"C","location":"api/reports/route.ts:insertOk","message":"report saved","data":{"reportId":"e2bee04e-d433-49e9-86a6-08c3d3b866ee","hasRawText":false},"timestamp":1778289711989}
{"sessionId":"e7e89f","runId":"post-fix","hypothesisId":"A_D","location":"api/reports/route.ts:beforeInsert","message":"supabase client for insert","data":{"hasUrl":true,"hasAnonKey":true,"hasServiceRoleKey":true,"insertRole":"service_role"},"timestamp":1778290029650}
{"sessionId":"e7e89f","runId":"post-fix","hypothesisId":"C","location":"api/reports/route.ts:legacyFallback","message":"modern insert failed schema cache; retrying legacy reports shape","data":{"code":"PGRST204","message":"Could not find the 'moderation_state' column of 'reports' in the schema cache","insertRole":"service_role"},"timestamp":1778290030216}
{"sessionId":"e7e89f","runId":"post-fix","hypothesisId":"C","location":"api/reports/route.ts:insertOk","message":"report saved","data":{"reportId":"21827a00-e3bc-42ae-a320-de3913347eba","hasRawText":false},"timestamp":1778290031107}
{"sessionId":"e7e89f","runId":"post-fix","hypothesisId":"A_D","location":"api/reports/route.ts:beforeInsert","message":"supabase client for insert","data":{"hasUrl":true,"hasAnonKey":true,"hasServiceRoleKey":true,"insertRole":"service_role"},"timestamp":1778290922501}
{"sessionId":"e7e89f","runId":"post-fix","hypothesisId":"C","location":"api/reports/route.ts:legacyFallback","message":"modern insert failed schema cache; retrying legacy reports shape","data":{"code":"PGRST204","message":"Could not find the 'moderation_state' column of 'reports' in the schema cache","insertRole":"service_role"},"timestamp":1778290923040}
{"sessionId":"e7e89f","runId":"post-fix","hypothesisId":"C","location":"api/reports/route.ts:insertOk","message":"report saved","data":{"reportId":"99da0e4c-9332-4e71-a7a6-5fe7e2ad18bf","hasRawText":false},"timestamp":1778290923598}
{"sessionId":"e7e89f","runId":"post-fix","hypothesisId":"A_D","location":"api/reports/route.ts:beforeInsert","message":"supabase client for insert","data":{"hasUrl":true,"hasAnonKey":true,"hasServiceRoleKey":true,"insertRole":"service_role"},"timestamp":1778295725078}
{"sessionId":"e7e89f","runId":"post-fix","hypothesisId":"C","location":"api/reports/route.ts:legacyFallback","message":"modern insert failed schema cache; retrying legacy reports shape","data":{"code":"PGRST204","message":"Could not find the 'moderation_state' column of 'reports' in the schema cache","insertRole":"service_role"},"timestamp":1778295725396}
{"sessionId":"e7e89f","runId":"post-fix","hypothesisId":"C","location":"api/reports/route.ts:insertOk","message":"report saved","data":{"reportId":"be0207ea-b99a-46d9-b1c3-62ff9e8621d8","hasRawText":false},"timestamp":1778295726048}
{"sessionId":"e7e89f","runId":"post-fix","hypothesisId":"A_D","location":"api/reports/route.ts:beforeInsert","message":"supabase client for insert","data":{"hasUrl":true,"hasAnonKey":true,"hasServiceRoleKey":true,"insertRole":"service_role"},"timestamp":1778295878095}
{"sessionId":"e7e89f","runId":"post-fix","hypothesisId":"C","location":"api/reports/route.ts:legacyFallback","message":"modern insert failed schema cache; retrying legacy reports shape","data":{"code":"PGRST204","message":"Could not find the 'moderation_state' column of 'reports' in the schema cache","insertRole":"service_role"},"timestamp":1778295878731}
{"sessionId":"e7e89f","runId":"post-fix","hypothesisId":"C","location":"api/reports/route.ts:insertOk","message":"report saved","data":{"reportId":"ba9e90a4-5a55-48dc-9852-ef421c79c353","hasRawText":false},"timestamp":1778295879562}
{"sessionId":"e7e89f","runId":"post-fix","hypothesisId":"A_D","location":"api/reports/route.ts:beforeInsert","message":"supabase client for insert","data":{"hasUrl":true,"hasAnonKey":true,"hasServiceRoleKey":true,"insertRole":"service_role"},"timestamp":1778295953352}
{"sessionId":"e7e89f","runId":"post-fix","hypothesisId":"C","location":"api/reports/route.ts:legacyFallback","message":"modern insert failed schema cache; retrying legacy reports shape","data":{"code":"PGRST204","message":"Could not find the 'moderation_state' column of 'reports' in the schema cache","insertRole":"service_role"},"timestamp":1778295953803}
{"sessionId":"e7e89f","runId":"post-fix","hypothesisId":"C","location":"api/reports/route.ts:insertOk","message":"report saved","data":{"reportId":"6c09bb01-fab6-4b4c-8bad-ccaeecb016a6","hasRawText":false},"timestamp":1778295954449}
{"sessionId":"e7e89f","runId":"post-fix","hypothesisId":"A_D","location":"api/reports/route.ts:beforeInsert","message":"supabase client for insert","data":{"hasUrl":true,"hasAnonKey":true,"hasServiceRoleKey":true,"insertRole":"service_role"},"timestamp":1778295987896}
{"sessionId":"e7e89f","runId":"post-fix","hypothesisId":"C","location":"api/reports/route.ts:legacyFallback","message":"modern insert failed schema cache; retrying legacy reports shape","data":{"code":"PGRST204","message":"Could not find the 'moderation_state' column of 'reports' in the schema cache","insertRole":"service_role"},"timestamp":1778295988537}
{"sessionId":"e7e89f","runId":"post-fix","hypothesisId":"C","location":"api/reports/route.ts:insertOk","message":"report saved","data":{"reportId":"32539c50-6a9a-4da5-9b9f-5a19f34b2ee3","hasRawText":false},"timestamp":1778295989015}
{"sessionId":"e7e89f","runId":"post-fix","hypothesisId":"A_D","location":"api/reports/route.ts:beforeInsert","message":"supabase client for insert","data":{"hasUrl":true,"hasAnonKey":true,"hasServiceRoleKey":true,"insertRole":"service_role"},"timestamp":1778296066698}
{"sessionId":"e7e89f","runId":"post-fix","hypothesisId":"C","location":"api/reports/route.ts:legacyFallback","message":"modern insert failed schema cache; retrying legacy reports shape","data":{"code":"PGRST204","message":"Could not find the 'moderation_state' column of 'reports' in the schema cache","insertRole":"service_role"},"timestamp":1778296067571}
{"sessionId":"e7e89f","runId":"post-fix","hypothesisId":"C","location":"api/reports/route.ts:insertOk","message":"report saved","data":{"reportId":"c0403e4c-e7ef-4583-80ed-21267d783e20","hasRawText":false},"timestamp":1778296068411}
{"sessionId":"e7e89f","runId":"post-fix","hypothesisId":"A_D","location":"api/reports/route.ts:beforeInsert","message":"supabase client for insert","data":{"hasUrl":true,"hasAnonKey":true,"hasServiceRoleKey":true,"insertRole":"service_role"},"timestamp":1778296159946}
{"sessionId":"e7e89f","runId":"post-fix","hypothesisId":"C","location":"api/reports/route.ts:legacyFallback","message":"modern insert failed schema cache; retrying legacy reports shape","data":{"code":"PGRST204","message":"Could not find the 'moderation_state' column of 'reports' in the schema cache","insertRole":"service_role"},"timestamp":1778296160625}
{"sessionId":"e7e89f","runId":"post-fix","hypothesisId":"C","location":"api/reports/route.ts:insertOk","message":"report saved","data":{"reportId":"8da819c7-cc20-4c50-92bc-93a28b698ded","hasRawText":false},"timestamp":1778296161411}
{"sessionId":"e7e89f","runId":"post-fix","hypothesisId":"A_D","location":"api/reports/route.ts:beforeInsert","message":"supabase client for insert","data":{"hasUrl":true,"hasAnonKey":true,"hasServiceRoleKey":true,"insertRole":"service_role"},"timestamp":1778296272288}
{"sessionId":"e7e89f","runId":"post-fix","hypothesisId":"C","location":"api/reports/route.ts:legacyFallback","message":"modern insert failed schema cache; retrying legacy reports shape","data":{"code":"PGRST204","message":"Could not find the 'moderation_state' column of 'reports' in the schema cache","insertRole":"service_role"},"timestamp":1778296272854}
{"sessionId":"e7e89f","runId":"post-fix","hypothesisId":"C","location":"api/reports/route.ts:insertOk","message":"report saved","data":{"reportId":"09622f69-79a1-42a5-8dfb-5f110073153d","hasRawText":false},"timestamp":1778296273528}
{"sessionId":"e7e89f","runId":"post-fix","hypothesisId":"A_D","location":"api/reports/route.ts:beforeInsert","message":"supabase client for insert","data":{"hasUrl":true,"hasAnonKey":true,"hasServiceRoleKey":true,"insertRole":"service_role"},"timestamp":1778296313797}
{"sessionId":"e7e89f","runId":"post-fix","hypothesisId":"C","location":"api/reports/route.ts:legacyFallback","message":"modern insert failed schema cache; retrying legacy reports shape","data":{"code":"PGRST204","message":"Could not find the 'moderation_state' column of 'reports' in the schema cache","insertRole":"service_role"},"timestamp":1778296314447}
{"sessionId":"e7e89f","runId":"post-fix","hypothesisId":"C","location":"api/reports/route.ts:insertOk","message":"report saved","data":{"reportId":"1c0594e5-01ec-458f-ae38-ba27a3c046e0","hasRawText":false},"timestamp":1778296315123}
{"sessionId":"e7e89f","runId":"post-fix","hypothesisId":"A_D","location":"api/reports/route.ts:beforeInsert","message":"supabase client for insert","data":{"hasUrl":true,"hasAnonKey":true,"hasServiceRoleKey":true,"insertRole":"service_role"},"timestamp":1778296371328}
{"sessionId":"e7e89f","runId":"post-fix","hypothesisId":"C","location":"api/reports/route.ts:legacyFallback","message":"modern insert failed schema cache; retrying legacy reports shape","data":{"code":"PGRST204","message":"Could not find the 'moderation_state' column of 'reports' in the schema cache","insertRole":"service_role"},"timestamp":1778296372008}
{"sessionId":"e7e89f","runId":"post-fix","hypothesisId":"C","location":"api/reports/route.ts:insertOk","message":"report saved","data":{"reportId":"c01c5d1b-8e52-4c4d-94a0-949ecf835d40","hasRawText":false},"timestamp":1778296373020}
{"sessionId":"e7e89f","runId":"post-fix","hypothesisId":"A_D","location":"api/reports/route.ts:beforeInsert","message":"supabase client for insert","data":{"hasUrl":true,"hasAnonKey":true,"hasServiceRoleKey":true,"insertRole":"service_role"},"timestamp":1778296451375}
{"sessionId":"e7e89f","runId":"post-fix","hypothesisId":"C","location":"api/reports/route.ts:legacyFallback","message":"modern insert failed schema cache; retrying legacy reports shape","data":{"code":"PGRST204","message":"Could not find the 'moderation_state' column of 'reports' in the schema cache","insertRole":"service_role"},"timestamp":1778296451961}
{"sessionId":"e7e89f","runId":"post-fix","hypothesisId":"C","location":"api/reports/route.ts:insertOk","message":"report saved","data":{"reportId":"e4231c0d-b109-4d39-9b9f-1d94a33caa53","hasRawText":false},"timestamp":1778296452927}
{"sessionId":"e7e89f","runId":"post-fix","hypothesisId":"A_D","location":"api/reports/route.ts:beforeInsert","message":"supabase client for insert","data":{"hasUrl":true,"hasAnonKey":true,"hasServiceRoleKey":true,"insertRole":"service_role"},"timestamp":1778296622848}
{"sessionId":"e7e89f","runId":"post-fix","hypothesisId":"C","location":"api/reports/route.ts:legacyFallback","message":"modern insert failed schema cache; retrying legacy reports shape","data":{"code":"PGRST204","message":"Could not find the 'moderation_state' column of 'reports' in the schema cache","insertRole":"service_role"},"timestamp":1778296623106}
{"sessionId":"e7e89f","runId":"post-fix","hypothesisId":"C","location":"api/reports/route.ts:insertOk","message":"report saved","data":{"reportId":"b85060d1-e23c-4d61-9ded-7155a3657c65","hasRawText":false},"timestamp":1778296623817}
{"sessionId":"e7e89f","runId":"post-fix","hypothesisId":"A_D","location":"api/reports/route.ts:beforeInsert","message":"supabase client for insert","data":{"hasUrl":true,"hasAnonKey":true,"hasServiceRoleKey":true,"insertRole":"service_role"},"timestamp":1778296862210}
{"sessionId":"e7e89f","runId":"post-fix","hypothesisId":"C","location":"api/reports/route.ts:legacyFallback","message":"modern insert failed schema cache; retrying legacy reports shape","data":{"code":"PGRST204","message":"Could not find the 'moderation_state' column of 'reports' in the schema cache","insertRole":"service_role"},"timestamp":1778296862463}
{"sessionId":"e7e89f","runId":"post-fix","hypothesisId":"C","location":"api/reports/route.ts:insertOk","message":"report saved","data":{"reportId":"4d27419a-6f67-427c-9d24-5f781e9dd122","hasRawText":false},"timestamp":1778296863116}
{"sessionId":"e7e89f","runId":"post-fix","hypothesisId":"A_D","location":"api/reports/route.ts:beforeInsert","message":"supabase client for insert","data":{"hasUrl":true,"hasAnonKey":true,"hasServiceRoleKey":true,"insertRole":"service_role"},"timestamp":1778297103221}
{"sessionId":"e7e89f","runId":"post-fix","hypothesisId":"C","location":"api/reports/route.ts:legacyFallback","message":"modern insert failed schema cache; retrying legacy reports shape","data":{"code":"PGRST204","message":"Could not find the 'moderation_state' column of 'reports' in the schema cache","insertRole":"service_role"},"timestamp":1778297104140}
{"sessionId":"e7e89f","runId":"post-fix","hypothesisId":"C","location":"api/reports/route.ts:insertOk","message":"report saved","data":{"reportId":"4780f1a2-4049-4b88-9a77-161a00bcff08","hasRawText":false},"timestamp":1778297105094}
{"sessionId":"e7e89f","runId":"post-fix","hypothesisId":"A_D","location":"api/reports/route.ts:beforeInsert","message":"supabase client for insert","data":{"hasUrl":true,"hasAnonKey":true,"hasServiceRoleKey":true,"insertRole":"service_role"},"timestamp":1778297293034}
{"sessionId":"e7e89f","runId":"post-fix","hypothesisId":"C","location":"api/reports/route.ts:legacyFallback","message":"modern insert failed schema cache; retrying legacy reports shape","data":{"code":"PGRST204","message":"Could not find the 'moderation_state' column of 'reports' in the schema cache","insertRole":"service_role"},"timestamp":1778297294274}
{"sessionId":"e7e89f","runId":"post-fix","hypothesisId":"C","location":"api/reports/route.ts:insertOk","message":"report saved","data":{"reportId":"824904d3-1cb9-4c47-a902-37217af4a74d","hasRawText":false},"timestamp":1778297295430}
